{
  "content": "This is the content.",
  "date": "2020-10-09T06:51:43Z",
  "github_username": "pabluk",
  "hashtags": null,
  "id": "https://twitter.com/SREFrance",
  "link": "https://twitter.com/SREFrance",
  "plain": "This is the content.",
  "title": "An example",
  "twitter_username": "pabluk"
}
